Vercel CLI 54.11.1 (Node.js 20.20.2)
Retrieving project…
Deploying feras-alfanatseh/sheetinvoicer
Uploading [--------------------] (0.0B/41.4KB)
Uploading [=====---------------] (11.7KB/41.4KB)
Uploading [===========---------] (23.1KB/41.4KB)
Uploading [===============-----] (32.8KB/41.4KB)
Uploading [====================] (41.4KB/41.4KB)
  Inspect     https://vercel.com/feras-alfanatseh/sheetinvoicer/81YsYyYLELQcaPjomvyEZ5xmJw2G
▲ Production  https://sheetinvoicer-f6923lvfa-feras-alfanatseh.vercel.app
https://sheetinvoicer-f6923lvfa-feras-alfanatseh.vercel.appBuilding…
Building…
Running build in Washington, D.C., USA (East) – iad1
Build machine configuration: 4 cores, 8 GB
Retrieving list of deployment files...
Skipping build cache, deployment was triggered without cache.
Downloading 432 deployment files...
Warning: "vercel" found in project dependencies and will be ignored.
Running "vercel build"
Vercel CLI 54.16.0
Error: Node.js version 20.x is deprecated. Deployments created on or after 2026-10-01 will fail to build. Please set "engines": { "node": "24.x" } in your `package.json` file to use Node.js 24.
Installing dependencies...
npm warn deprecated whatwg-encoding@3.1.1: Use @exodus/bytes instead for a more spec-conformant and faster implementation
npm warn deprecated stream-to-promise@2.2.0: Deprecated. Use node:stream/promises and node:stream/consumers instead.
npm warn deprecated inflight@1.0.6: This module is not supported, and leaks memory. Do not use it. Check out lru-cache if you want a good and tested way to coalesce async requests by a key value, which is much more comprehensive and powerful.
npm warn deprecated glob@7.2.3: Old versions of glob are not supported, and contain widely publicized security vulnerabilities, which have been fixed in the current version. Please update. Support for old versions may be purchased (at exorbitant rates) by contacting i@izs.me
npm warn deprecated glob@10.5.0: Old versions of glob are not supported, and contain widely publicized security vulnerabilities, which have been fixed in the current version. Please update. Support for old versions may be purchased (at exorbitant rates) by contacting i@izs.me
npm warn deprecated glob@10.5.0: Old versions of glob are not supported, and contain widely publicized security vulnerabilities, which have been fixed in the current version. Please update. Support for old versions may be purchased (at exorbitant rates) by contacting i@izs.me
npm warn deprecated glob@10.5.0: Old versions of glob are not supported, and contain widely publicized security vulnerabilities, which have been fixed in the current version. Please update. Support for old versions may be purchased (at exorbitant rates) by contacting i@izs.me
npm warn deprecated tar@7.5.7: Old versions of tar are not supported, and contain widely publicized security vulnerabilities, which have been fixed in the current version. Please update. Support for old versions may be purchased (at exorbitant rates) by contacting i@izs.me
added 1266 packages in 25s
243 packages are looking for funding
run `npm fund` for details
Detected Next.js version: 16.2.9
Running "npm run build"
> sheetinvoicer@0.1.0 prebuild
> node scripts/generate-standalone.js
issue.md.junie_standalone already exists.
> sheetinvoicer@0.1.0 build
> next build
Applying modifyConfig from Vercel
Attention: Next.js now collects completely anonymous telemetry regarding usage.
This information is used to shape Next.js' roadmap and prioritize features.
You can learn more, including how to opt-out if you'd not like to participate in this anonymous program, by visiting the following URL:
https://nextjs.org/telemetry
▲ Next.js 16.2.9 (Turbopack)
- Environments: .env.production
- Experiments (use with caution):
· optimizePackageImports
Creating an optimized production build ...
✓ Compiled successfully in 18.1s
Running TypeScript ...
Finished TypeScript in 9.6s ...
Collecting page data using 3 workers ...
Generating static pages using 3 workers (0/56) ...
Generating static pages using 3 workers (14/56)
Generating static pages using 3 workers (28/56)
Generating static pages using 3 workers (42/56)
✓ Generating static pages using 3 workers (56/56) in 1145ms
Finalizing page optimization ...
Running onBuildComplete from Vercel
Error: Node.js version 20.x is deprecated. Deployments created on or after 2026-10-01 will fail to build. Please set "engines": { "node": "24.x" } in your `package.json` file to use Node.js 24.
Detected .env file, it is strongly recommended to use Vercel's env handling instead
Error: Node.js version 20.x is deprecated. Deployments created on or after 2026-10-01 will fail to build. Please set "engines": { "node": "24.x" } in your `package.json` file to use Node.js 24.
Route (app)
┌ ƒ /
├ ƒ /_not-found
├ ƒ /api-docs
├ ƒ /api/accounting/export
├ ƒ /api/admin/audit-logs
├ ƒ /api/admin/backups
├ ƒ /api/admin/backups/restore
├ ƒ /api/admin/users
├ ƒ /api/agents/chat
├ ƒ /api/ai/action
├ ƒ /api/auth/2fa
├ ƒ /api/auth/reset-password
├ ƒ /api/auth/role
├ ƒ /api/auth/session
├ ƒ /api/auth/welcome-email
├ ƒ /api/bank/balance
├ ƒ /api/bank/reconcile
├ ƒ /api/bank/transactions
├ ƒ /api/cron/generate-recurring
├ ƒ /api/cron/send-reminders
├ ƒ /api/cron/supabase-backup
├ ƒ /api/currency/rates
├ ƒ /api/discount
├ ƒ /api/gdpr/delete
├ ƒ /api/gdpr/export
├ ƒ /api/invoices/send-magic-link
├ ƒ /api/locale
├ ƒ /api/location
├ ƒ /api/send-invoice
├ ƒ /api/sentry-example-api
├ ƒ /api/stripe/calculate-tax
├ ƒ /api/stripe/cancel-subscription
├ ƒ /api/stripe/connect
├ ƒ /api/stripe/connect/callback
├ ƒ /api/stripe/create-checkout
├ ƒ /api/stripe/create-subscription
├ ƒ /api/stripe/webhook
├ ƒ /api/webhooks/stripe/bank
├ ƒ /clients
├ ƒ /dashboard
├ ƒ /dashboard/admin
├ ƒ /dashboard/admin/audit-logs
├ ƒ /dashboard/bank
├ ƒ /dashboard/clients
├ ƒ /dashboard/clients/[id]
├ ƒ /dashboard/clients/[id]/edit
├ ƒ /dashboard/clients/new
├ ƒ /dashboard/estimates
├ ƒ /dashboard/estimates/[id]
├ ƒ /dashboard/estimates/new
├ ƒ /dashboard/expenses
├ ƒ /dashboard/expenses/[id]
├ ƒ /dashboard/expenses/[id]/edit
├ ƒ /dashboard/expenses/new
├ ƒ /dashboard/invoices
├ ƒ /dashboard/invoices/[id]
├ ƒ /dashboard/invoices/[id]/edit
├ ƒ /dashboard/invoices/new
├ ƒ /dashboard/projects
├ ƒ /dashboard/projects/[id]
├ ƒ /dashboard/projects/[id]/edit
├ ƒ /dashboard/projects/new
├ ƒ /dashboard/recurring
├ ƒ /dashboard/recurring/new
├ ƒ /dashboard/reports
├ ƒ /dashboard/settings
├ ƒ /dashboard/settings/currency
├ ƒ /dashboard/settings/reminders
├ ƒ /dashboard/settings/security
├ ƒ /dashboard/subscription
├ ƒ /dashboard/subscription/success
├ ƒ /dashboard/time
├ ƒ /login
├ ƒ /pay/[id]
├ ƒ /portal/[token]
├ ƒ /pricing
├ ƒ /privacy
├ ƒ /sentry-example-page
├ ƒ /signup
├ ƒ /terms
└ ƒ /update-password
ƒ Proxy (Middleware)
ƒ  (Dynamic)  server-rendered on demand
Build Completed in /vercel/output [57s]
Deploying outputs...
Deployment completed
Creating build cache...
[2K[1A[2K[G▲ Production  https://sheetinvoicer-f6923lvfa-feras-alfanatseh.vercel.app
Completing…
▲ Aliased     https://sheetinvoicer-feras-alfanatseh.vercel.app

✓ Ready in 1m
