Vercel CLI 54.14.5 (Node.js 20.20.2)
Retrieving project…
Deploying feras-alfanatseh/sheetinvoicer
Uploading [--------------------] (0.0B/584KB)
Uploading [=====---------------] (146.8KB/584KB)
Uploading [==========----------] (307.8KB/584KB)
Uploading [===============-----] (438.4KB/584KB)
Uploading [====================] (584.0KB/584KB)
  Inspect         https://vercel.com/feras-alfanatseh/sheetinvoicer/4w2axEL8mn2gfxPWY4ziBPNvn8pX
  Production      https://sheetinvoicer-q42z1ic9x-feras-alfanatseh.vercel.app
https://sheetinvoicer-q42z1ic9x-feras-alfanatseh.vercel.appBuilding…
Building…
Running build in Washington, D.C., USA (East) – iad1
Build machine configuration: 4 cores, 8 GB
Retrieving list of deployment files...
Downloading 532 deployment files...
Restored build cache from previous deployment (4QcBVkdq3wo9NjAjybCsFb8d3W79)
Warning: "vercel" found in project dependencies and will be ignored.
Running "vercel build"
Vercel CLI 54.17.2
Installing dependencies...
up to date in 2s
243 packages are looking for funding
run `npm fund` for details
Detected Next.js version: 16.2.9
Running "npm run build"
> sheetinvoicer@0.1.0 prebuild
> node scripts/generate-standalone.js
issue.md.junie_standalone already exists.
> sheetinvoicer@0.1.0 build
> next build
Applying modifyConfig from Vercel
▲ Next.js 16.2.9 (Turbopack)
- Environments: .env.production
- Experiments (use with caution):
· optimizePackageImports
Creating an optimized production build ...
✓ Compiled successfully in 20.6s
Running TypeScript ...
Finished TypeScript in 11.1s ...
Collecting page data using 3 workers ...
Generating static pages using 3 workers (0/60) ...
Generating static pages using 3 workers (15/60)
Generating static pages using 3 workers (30/60)
Generating static pages using 3 workers (45/60)
✓ Generating static pages using 3 workers (60/60) in 601ms
Finalizing page optimization ...
Running onBuildComplete from Vercel
Detected .env file, it is strongly recommended to use Vercel's env handling instead
Route (app)
┌ ƒ /
├ ƒ /_not-found
├ ƒ /api-docs
├ ƒ /api/accounting/export
├ ƒ /api/admin/ai/analytics
├ ƒ /api/admin/ai/chat
├ ƒ /api/admin/ai/recommendations
├ ƒ /api/admin/audit-logs
├ ƒ /api/admin/backups
├ ƒ /api/admin/backups/restore
├ ƒ /api/admin/users
├ ƒ /api/agents/chat
├ ƒ /api/ai/action
├ ƒ /api/auth/2fa
├ ƒ /api/auth/reset-password
├ ƒ /api/auth/role
├ ƒ /api/auth/session
├ ƒ /api/auth/welcome-email
├ ƒ /api/bank/balance
├ ƒ /api/bank/reconcile
├ ƒ /api/bank/transactions
├ ƒ /api/cron/generate-recurring
├ ƒ /api/cron/send-reminders
├ ƒ /api/cron/supabase-backup
├ ƒ /api/currency/rates
├ ƒ /api/discount
├ ƒ /api/gdpr/delete
├ ƒ /api/gdpr/export
├ ƒ /api/health
├ ƒ /api/invoices/ai-generate
├ ƒ /api/invoices/comments
├ ƒ /api/invoices/drafts
├ ƒ /api/invoices/export
├ ƒ /api/invoices/payments
├ ƒ /api/invoices/send-magic-link
├ ƒ /api/invoices/share
├ ƒ /api/locale
├ ƒ /api/location
├ ƒ /api/public/invoice/[token]
├ ƒ /api/send-invoice
├ ƒ /api/sentry-example-api
├ ƒ /api/sso
├ ƒ /api/stripe/calculate-tax
├ ƒ /api/stripe/cancel-subscription
├ ƒ /api/stripe/change-plan
├ ƒ /api/stripe/connect
├ ƒ /api/stripe/connect/callback
├ ƒ /api/stripe/create-checkout
├ ƒ /api/stripe/create-subscription
├ ƒ /api/stripe/webhook
├ ƒ /api/team
├ ƒ /api/webhooks/stripe/bank
├ ƒ /clients
├ ƒ /dashboard
├ ƒ /dashboard/admin
├ ƒ /dashboard/admin/ai
├ ƒ /dashboard/admin/audit-logs
├ ƒ /dashboard/bank
├ ƒ /dashboard/clients
├ ƒ /dashboard/clients/[id]
├ ƒ /dashboard/clients/[id]/edit
├ ƒ /dashboard/clients/new
├ ƒ /dashboard/estimates
├ ƒ /dashboard/estimates/[id]
├ ƒ /dashboard/estimates/new
├ ƒ /dashboard/expenses
├ ƒ /dashboard/expenses/[id]
├ ƒ /dashboard/expenses/[id]/edit
├ ƒ /dashboard/expenses/new
├ ƒ /dashboard/invoices
├ ƒ /dashboard/invoices/[id]
├ ƒ /dashboard/invoices/[id]/edit
├ ƒ /dashboard/invoices/new
├ ƒ /dashboard/projects
├ ƒ /dashboard/projects/[id]
├ ƒ /dashboard/projects/[id]/edit
├ ƒ /dashboard/projects/new
├ ƒ /dashboard/recurring
├ ƒ /dashboard/recurring/new
├ ƒ /dashboard/reports
├ ƒ /dashboard/settings
├ ƒ /dashboard/settings/currency
├ ƒ /dashboard/settings/reminders
├ ƒ /dashboard/settings/security
├ ƒ /dashboard/subscription
├ ƒ /dashboard/subscription/success
├ ƒ /dashboard/time
├ ƒ /invoice/[token]
├ ƒ /login
├ ƒ /pay/[id]
├ ƒ /portal/[token]
├ ƒ /pricing
├ ƒ /privacy
├ ƒ /sentry-example-page
├ ƒ /signup
├ ƒ /terms
└ ƒ /update-password
ƒ Proxy (Middleware)
ƒ  (Dynamic)  server-rendered on demand
Build Completed in /vercel/output [37s]
Deploying outputs...
Deployment completed
Creating build cache...
[2K[1A[2K[G  Production      https://sheetinvoicer-q42z1ic9x-feras-alfanatseh.vercel.app
Completing…
▲ Aliased         https://sheetinvoicer.com

✓ Ready in 59s
